Node 0 MemTotal:        8388608 kB
Node 0 MemFree:         3192576 kB
Node 0 MemUsed:         5196032 kB
Node 0 Active:           352320 kB
Node 0 Inactive:        3807488 kB
Node 0 Active(anon):     129856 kB
Node 0 Inactive(anon):     9408 kB
Node 0 Active(file):     222464 kB
Node 0 Inactive(file):  3798080 kB
Node 0 Unevictable:           0 kB
Node 0 Mlocked:               0 kB
Node 0 Dirty:            114752 kB
Node 0 Writeback:             0 kB
Node 0 FilePages:       4036800 kB
Node 0 Mapped:            48256 kB
Node 0 AnonPages:        129152 kB
Node 0 Shmem:             11648 kB
Node 0 KernelStack:        2608 kB
Node 0 PageTables:         1920 kB
Node 0 NFS_Unstable:          0 kB
Node 0 Bounce:                0 kB
Node 0 WritebackTmp:          0 kB
Node 0 Slab:             359744 kB
Node 0 SReclaimable:     205504 kB
Node 0 SUnreclaim:       154240 kB
Node 0 AnonHugePages:         0 kB
Node 0 HugePages_Total:     0
Node 0 HugePages_Free:      0
Node 0 HugePages_Surp:      0
