Node 0 MemTotal:        8388608 kB
Node 0 MemFree:         1548032 kB
Node 0 MemUsed:         6840576 kB
Node 0 Active:           503936 kB
Node 0 Inactive:        5181952 kB
Node 0 Active(anon):     226624 kB
Node 0 Inactive(anon):     9152 kB
Node 0 Active(file):     277312 kB
Node 0 Inactive(file):  5172800 kB
Node 0 Unevictable:           0 kB
Node 0 Mlocked:               0 kB
Node 0 Dirty:            114752 kB
Node 0 Writeback:             0 kB
Node 0 FilePages:       5466752 kB
Node 0 Mapped:            54208 kB
Node 0 AnonPages:        220992 kB
Node 0 Shmem:             12032 kB
Node 0 KernelStack:        2976 kB
Node 0 PageTables:         2048 kB
Node 0 NFS_Unstable:          0 kB
Node 0 Bounce:                0 kB
Node 0 WritebackTmp:          0 kB
Node 0 Slab:             475968 kB
Node 0 SReclaimable:     285312 kB
Node 0 SUnreclaim:       190656 kB
Node 0 AnonHugePages:         0 kB
Node 0 HugePages_Total:     0
Node 0 HugePages_Free:      0
Node 0 HugePages_Surp:      0
