Node 0 MemTotal:       16328300 kB
Node 0 MemFree:        15287624 kB
Node 0 MemUsed:         1040676 kB
Node 0 Active:           186432 kB
Node 0 Inactive:         405060 kB
Node 0 Active(anon):      92520 kB
Node 0 Inactive(anon):      592 kB
Node 0 Active(file):      93912 kB
Node 0 Inactive(file):   404468 kB
Node 0 Unevictable:           0 kB
Node 0 Mlocked:               0 kB
Node 0 Dirty:            279872 kB
Node 0 Writeback:             0 kB
Node 0 FilePages:        499244 kB
Node 0 Mapped:            30492 kB
Node 0 AnonPages:         92392 kB
Node 0 Shmem:               784 kB
Node 0 KernelStack:        8160 kB
Node 0 PageTables:         2268 kB
Node 0 NFS_Unstable:          0 kB
Node 0 Bounce:                0 kB
Node 0 WritebackTmp:          0 kB
Node 0 Slab:             255284 kB
Node 0 SReclaimable:     157380 kB
Node 0 SUnreclaim:        97904 kB
Node 0 AnonHugePages:         0 kB
Node 0 HugePages_Total:     0
Node 0 HugePages_Free:      0
Node 0 HugePages_Surp:      0
