Node 1 MemTotal:       16496560 kB
Node 1 MemFree:        16110748 kB
Node 1 MemUsed:          385812 kB
Node 1 Active:           108284 kB
Node 1 Inactive:          65692 kB
Node 1 Active(anon):      88664 kB
Node 1 Inactive(anon):      432 kB
Node 1 Active(file):      19620 kB
Node 1 Inactive(file):    65260 kB
Node 1 Unevictable:           0 kB
Node 1 Mlocked:               0 kB
Node 1 Dirty:             46600 kB
Node 1 Writeback:             0 kB
Node 1 FilePages:         85816 kB
Node 1 Mapped:            15140 kB
Node 1 AnonPages:         88524 kB
Node 1 Shmem:               596 kB
Node 1 KernelStack:        3200 kB
Node 1 PageTables:         1896 kB
Node 1 NFS_Unstable:          0 kB
Node 1 Bounce:                0 kB
Node 1 WritebackTmp:          0 kB
Node 1 Slab:             110856 kB
Node 1 SReclaimable:      51668 kB
Node 1 SUnreclaim:        59188 kB
Node 1 AnonHugePages:         0 kB
Node 1 HugePages_Total:     0
Node 1 HugePages_Free:      0
Node 1 HugePages_Surp:      0
