Node 0 MemTotal:       24673664 kB
Node 0 MemFree:          724812 kB
Node 0 MemUsed:        23948852 kB
Node 0 Active:         16461848 kB
Node 0 Inactive:        5742252 kB
Node 0 Active(anon):   12496236 kB
Node 0 Inactive(anon):  2261456 kB
Node 0 Active(file):    3965612 kB
Node 0 Inactive(file):  3480796 kB
Node 0 Unevictable:       19380 kB
Node 0 Mlocked:           19380 kB
Node 0 Dirty:             31060 kB
Node 0 Writeback:             0 kB
Node 0 FilePages:       7687660 kB
Node 0 Mapped:           212240 kB
Node 0 AnonPages:      14659112 kB
Node 0 Shmem:             19640 kB
Node 0 KernelStack:       11664 kB
Node 0 PageTables:        69692 kB
Node 0 NFS_Unstable:          0 kB
Node 0 Bounce:                0 kB
Node 0 WritebackTmp:          0 kB
Node 0 Slab:            1307104 kB
Node 0 SReclaimable:    1145596 kB
Node 0 SUnreclaim:       161508 kB
Node 0 AnonHugePages:   9420800 kB
Node 0 HugePages_Total:     0
Node 0 HugePages_Free:      0
Node 0 HugePages_Surp:      0
