Node 0 MemTotal:       24673664 kB
Node 0 MemFree:          304556 kB
Node 0 MemUsed:        24369108 kB
Node 0 Active:         14452444 kB
Node 0 Inactive:        8283636 kB
Node 0 Active(anon):    7454988 kB
Node 0 Inactive(anon):  1806520 kB
Node 0 Active(file):    6997456 kB
Node 0 Inactive(file):  6477116 kB
Node 0 Unevictable:       19380 kB
Node 0 Mlocked:           19380 kB
Node 0 Dirty:             36604 kB
Node 0 Writeback:             0 kB
Node 0 FilePages:      13780792 kB
Node 0 Mapped:           254976 kB
Node 0 AnonPages:       9011640 kB
Node 0 Shmem:             27480 kB
Node 0 KernelStack:       13088 kB
Node 0 PageTables:        72932 kB
Node 0 NFS_Unstable:          0 kB
Node 0 Bounce:                0 kB
Node 0 WritebackTmp:          0 kB
Node 0 Slab:            1177080 kB
Node 0 SReclaimable:    1026080 kB
Node 0 SUnreclaim:       151000 kB
Node 0 AnonHugePages:   6250496 kB
Node 0 HugePages_Total:     0
Node 0 HugePages_Free:      0
Node 0 HugePages_Surp:      0
